[debug] [2025-11-27T10:19:40.353Z] ----------------------------------------------------------------------
[debug] [2025-11-27T10:19:40.356Z] Command:       C:\Program Files\nodejs\node.exe C:\Users\marke\AppData\Roaming\npm\node_modules\firebase-tools\lib\bin\firebase.js deploy --only functions
[debug] [2025-11-27T10:19:40.356Z] CLI Version:   14.26.0
[debug] [2025-11-27T10:19:40.356Z] Platform:      win32
[debug] [2025-11-27T10:19:40.356Z] Node Version:  v24.11.0
[debug] [2025-11-27T10:19:40.356Z] Time:          Thu Nov 27 2025 15:49:40 GMT+0530 (India Standard Time)
[debug] [2025-11-27T10:19:40.356Z] ----------------------------------------------------------------------
[debug] 
[debug] [2025-11-27T10:19:40.500Z] > command requires scopes: ["email","openid","https://www.googleapis.com/auth/cloudplatformprojects.readonly","https://www.googleapis.com/auth/firebase","https://www.googleapis.com/auth/cloud-platform"]
[debug] [2025-11-27T10:19:40.501Z] > authorizing via signed-in user (thevisamanager@gmail.com)
[debug] [2025-11-27T10:19:40.501Z] [iam] checking project thevisamanager-bea80 for permissions ["cloudfunctions.functions.create","cloudfunctions.functions.delete","cloudfunctions.functions.get","cloudfunctions.functions.list","cloudfunctions.functions.update","cloudfunctions.operations.get","firebase.projects.get"]
[debug] [2025-11-27T10:19:40.502Z] Checked if tokens are valid: true, expires at: 1764240773207
[debug] [2025-11-27T10:19:40.502Z] Checked if tokens are valid: true, expires at: 1764240773207
[debug] [2025-11-27T10:19:40.502Z] >>> [apiv2][query] POST https://cloudresourcemanager.googleapis.com/v1/projects/thevisamanager-bea80:testIamPermissions [none]
[debug] [2025-11-27T10:19:40.502Z] >>> [apiv2][(partial)header] POST https://cloudresourcemanager.googleapis.com/v1/projects/thevisamanager-bea80:testIamPermissions x-goog-quota-user=projects/thevisamanager-bea80
[debug] [2025-11-27T10:19:40.503Z] >>> [apiv2][body] POST https://cloudresourcemanager.googleapis.com/v1/projects/thevisamanager-bea80:testIamPermissions {"permissions":["cloudfunctions.functions.create","cloudfunctions.functions.delete","cloudfunctions.functions.get","cloudfunctions.functions.list","cloudfunctions.functions.update","cloudfunctions.operations.get","firebase.projects.get"]}
[debug] [2025-11-27T10:19:40.841Z] <<< [apiv2][status] POST https://cloudresourcemanager.googleapis.com/v1/projects/thevisamanager-bea80:testIamPermissions 200
[debug] [2025-11-27T10:19:40.841Z] <<< [apiv2][body] POST https://cloudresourcemanager.googleapis.com/v1/projects/thevisamanager-bea80:testIamPermissions {"permissions":["cloudfunctions.functions.create","cloudfunctions.functions.delete","cloudfunctions.functions.get","cloudfunctions.functions.list","cloudfunctions.functions.update","cloudfunctions.operations.get","firebase.projects.get"]}
[debug] [2025-11-27T10:19:40.842Z] Checked if tokens are valid: true, expires at: 1764240773207
[debug] [2025-11-27T10:19:40.842Z] Checked if tokens are valid: true, expires at: 1764240773207
[debug] [2025-11-27T10:19:40.842Z] >>> [apiv2][query] POST https://iam.googleapis.com/v1/projects/thevisamanager-bea80/serviceAccounts/thevisamanager-bea80@appspot.gserviceaccount.com:testIamPermissions [none]
[debug] [2025-11-27T10:19:40.843Z] >>> [apiv2][body] POST https://iam.googleapis.com/v1/projects/thevisamanager-bea80/serviceAccounts/thevisamanager-bea80@appspot.gserviceaccount.com:testIamPermissions {"permissions":["iam.serviceAccounts.actAs"]}
[debug] [2025-11-27T10:19:42.507Z] <<< [apiv2][status] POST https://iam.googleapis.com/v1/projects/thevisamanager-bea80/serviceAccounts/thevisamanager-bea80@appspot.gserviceaccount.com:testIamPermissions 200
[debug] [2025-11-27T10:19:42.508Z] <<< [apiv2][body] POST https://iam.googleapis.com/v1/projects/thevisamanager-bea80/serviceAccounts/thevisamanager-bea80@appspot.gserviceaccount.com:testIamPermissions {"permissions":["iam.serviceAccounts.actAs"]}
[info] 
[info] === Deploying to 'thevisamanager-bea80'...
[info] 
[info] i  deploying functions 
[debug] [2025-11-27T10:19:42.511Z] Checked if tokens are valid: true, expires at: 1764240773207
[debug] [2025-11-27T10:19:42.511Z] Checked if tokens are valid: true, expires at: 1764240773207
[debug] [2025-11-27T10:19:42.511Z] >>> [apiv2][query] GET https://cloudresourcemanager.googleapis.com/v1/projects/thevisamanager-bea80 [none]
[debug] [2025-11-27T10:19:42.824Z] <<< [apiv2][status] GET https://cloudresourcemanager.googleapis.com/v1/projects/thevisamanager-bea80 200
[debug] [2025-11-27T10:19:42.825Z] <<< [apiv2][body] GET https://cloudresourcemanager.googleapis.com/v1/projects/thevisamanager-bea80 {"projectNumber":"973458787565","projectId":"thevisamanager-bea80","lifecycleState":"ACTIVE","name":"Thevisamanager","labels":{"firebase":"enabled","firebase-core":"disabled"},"createTime":"2025-10-14T09:31:12.508300Z"}
[info] i  functions: preparing codebase default for deployment 
[info] i  functions: ensuring required API cloudfunctions.googleapis.com is enabled... 
[info] i  functions: ensuring required API cloudbuild.googleapis.com is enabled... 
[info] i  artifactregistry: ensuring required API artifactregistry.googleapis.com is enabled... 
[debug] [2025-11-27T10:19:42.830Z] Checked if tokens are valid: true, expires at: 1764240773207
[debug] [2025-11-27T10:19:42.830Z] Checked if tokens are valid: true, expires at: 1764240773207
[debug] [2025-11-27T10:19:42.830Z] >>> [apiv2][query] GET https://firebase.googleapis.com/v1beta1/projects/thevisamanager-bea80/adminSdkConfig [none]
[debug] [2025-11-27T10:19:43.422Z] <<< [apiv2][status] GET https://firebase.googleapis.com/v1beta1/projects/thevisamanager-bea80/adminSdkConfig 200
[debug] [2025-11-27T10:19:43.422Z] <<< [apiv2][body] GET https://firebase.googleapis.com/v1beta1/projects/thevisamanager-bea80/adminSdkConfig {"projectId":"thevisamanager-bea80","storageBucket":"thevisamanager-bea80.firebasestorage.app"}
[debug] [2025-11-27T10:19:43.423Z] Checked if tokens are valid: true, expires at: 1764240773207
[debug] [2025-11-27T10:19:43.423Z] Checked if tokens are valid: true, expires at: 1764240773207
[debug] [2025-11-27T10:19:43.424Z] >>> [apiv2][query] GET https://runtimeconfig.googleapis.com/v1beta1/projects/thevisamanager-bea80/configs [none]
[debug] [2025-11-27T10:19:43.786Z] <<< [apiv2][status] GET https://runtimeconfig.googleapis.com/v1beta1/projects/thevisamanager-bea80/configs 200
[debug] [2025-11-27T10:19:43.787Z] <<< [apiv2][body] GET https://runtimeconfig.googleapis.com/v1beta1/projects/thevisamanager-bea80/configs {"configs":[{"name":"projects/thevisamanager-bea80/configs/razorpay"}]}
[debug] [2025-11-27T10:19:43.787Z] Checked if tokens are valid: true, expires at: 1764240773207
[debug] [2025-11-27T10:19:43.787Z] Checked if tokens are valid: true, expires at: 1764240773207
[debug] [2025-11-27T10:19:43.787Z] >>> [apiv2][query] GET https://runtimeconfig.googleapis.com/v1beta1/projects/thevisamanager-bea80/configs/razorpay/variables [none]
[debug] [2025-11-27T10:19:44.108Z] <<< [apiv2][status] GET https://runtimeconfig.googleapis.com/v1beta1/projects/thevisamanager-bea80/configs/razorpay/variables 200
[debug] [2025-11-27T10:19:44.108Z] <<< [apiv2][body] GET https://runtimeconfig.googleapis.com/v1beta1/projects/thevisamanager-bea80/configs/razorpay/variables {"variables":[{"name":"projects/thevisamanager-bea80/configs/razorpay/variables/key_id","updateTime":"2025-11-26T12:19:55.975801156Z"},{"name":"projects/thevisamanager-bea80/configs/razorpay/variables/key_secret","updateTime":"2025-11-26T12:19:56.126835641Z"}]}
[debug] [2025-11-27T10:19:44.109Z] Checked if tokens are valid: true, expires at: 1764240773207
[debug] [2025-11-27T10:19:44.109Z] Checked if tokens are valid: true, expires at: 1764240773207
[debug] [2025-11-27T10:19:44.109Z] Checked if tokens are valid: true, expires at: 1764240773207
[debug] [2025-11-27T10:19:44.109Z] Checked if tokens are valid: true, expires at: 1764240773207
[debug] [2025-11-27T10:19:44.109Z] >>> [apiv2][query] GET https://runtimeconfig.googleapis.com/v1beta1/projects/thevisamanager-bea80/configs/razorpay/variables/key_id [none]
[debug] [2025-11-27T10:19:44.109Z] >>> [apiv2][query] GET https://runtimeconfig.googleapis.com/v1beta1/projects/thevisamanager-bea80/configs/razorpay/variables/key_secret [none]
[debug] [2025-11-27T10:19:44.437Z] <<< [apiv2][status] GET https://runtimeconfig.googleapis.com/v1beta1/projects/thevisamanager-bea80/configs/razorpay/variables/key_secret 200
[debug] [2025-11-27T10:19:44.438Z] <<< [apiv2][body] GET https://runtimeconfig.googleapis.com/v1beta1/projects/thevisamanager-bea80/configs/razorpay/variables/key_secret {"name":"projects/thevisamanager-bea80/configs/razorpay/variables/key_secret","updateTime":"2025-11-26T12:19:56.126835641Z","text":"W2DI1EMxQVFNxmE3A0OvuKeV"}
[debug] [2025-11-27T10:19:44.440Z] <<< [apiv2][status] GET https://runtimeconfig.googleapis.com/v1beta1/projects/thevisamanager-bea80/configs/razorpay/variables/key_id 200
[debug] [2025-11-27T10:19:44.441Z] <<< [apiv2][body] GET https://runtimeconfig.googleapis.com/v1beta1/projects/thevisamanager-bea80/configs/razorpay/variables/key_id {"name":"projects/thevisamanager-bea80/configs/razorpay/variables/key_id","updateTime":"2025-11-26T12:19:55.975801156Z","text":"rzp_live_Raqt382mPwe1Di"}
[debug] [2025-11-27T10:19:44.442Z] Validating nodejs source
[debug] [2025-11-27T10:19:45.075Z] > [functions] package.json contents: {
  "engines": {
    "node": "20"
  },
  "dependencies": {
    "firebase-admin": "^13.0.0",
    "firebase-functions": "^5.0.0",
    "express": "^4.18.2",
    "razorpay": "^2.9.0"
  }
}
[debug] [2025-11-27T10:19:45.076Z] Building nodejs source
[info] i  functions: Loading and analyzing source code for codebase default to determine what to deploy 
[debug] [2025-11-27T10:19:45.077Z] Could not find functions.yaml. Must use http discovery
[debug] [2025-11-27T10:19:45.085Z] Found firebase-functions binary at 'C:\Users\marke\TVM\Sahil\TheVisaManagerApp\functions\api\node_modules\.bin\firebase-functions'
[info] Serving at port 8732

[debug] [2025-11-27T10:19:46.277Z] Got response from /__/functions.yaml {"endpoints":{"api":{"availableMemoryMb":null,"timeoutSeconds":null,"minInstances":null,"maxInstances":null,"ingressSettings":null,"concurrency":null,"serviceAccountEmail":null,"vpc":null,"platform":"gcfv2","region":["us-central1"],"labels":{},"httpsTrigger":{},"entryPoint":"api"}},"specVersion":"v1alpha1","requiredAPIs":[],"extensions":{},"params":[{"type":"secret","name":"RAZORPAY_KEY_ID"},{"type":"secret","name":"RAZORPAY_KEY_SECRET"}]}
[info] i  extensions: ensuring required API firebaseextensions.googleapis.com is enabled... 
[debug] [2025-11-27T10:19:50.333Z] > command requires scopes: ["email","openid","https://www.googleapis.com/auth/cloudplatformprojects.readonly","https://www.googleapis.com/auth/firebase","https://www.googleapis.com/auth/cloud-platform"]
[debug] [2025-11-27T10:19:50.333Z] > authorizing via signed-in user (thevisamanager@gmail.com)
[debug] [2025-11-27T10:19:50.333Z] [iam] checking project thevisamanager-bea80 for permissions ["firebase.projects.get","firebaseextensions.instances.list"]
[debug] [2025-11-27T10:19:50.333Z] Checked if tokens are valid: true, expires at: 1764240773207
[debug] [2025-11-27T10:19:50.333Z] Checked if tokens are valid: true, expires at: 1764240773207
[debug] [2025-11-27T10:19:50.333Z] >>> [apiv2][query] POST https://cloudresourcemanager.googleapis.com/v1/projects/thevisamanager-bea80:testIamPermissions [none]
[debug] [2025-11-27T10:19:50.333Z] >>> [apiv2][(partial)header] POST https://cloudresourcemanager.googleapis.com/v1/projects/thevisamanager-bea80:testIamPermissions x-goog-quota-user=projects/thevisamanager-bea80
[debug] [2025-11-27T10:19:50.333Z] >>> [apiv2][body] POST https://cloudresourcemanager.googleapis.com/v1/projects/thevisamanager-bea80:testIamPermissions {"permissions":["firebase.projects.get","firebaseextensions.instances.list"]}
[debug] [2025-11-27T10:19:51.751Z] <<< [apiv2][status] POST https://cloudresourcemanager.googleapis.com/v1/projects/thevisamanager-bea80:testIamPermissions 200
[debug] [2025-11-27T10:19:51.751Z] <<< [apiv2][body] POST https://cloudresourcemanager.googleapis.com/v1/projects/thevisamanager-bea80:testIamPermissions {"permissions":["firebase.projects.get","firebaseextensions.instances.list"]}
[debug] [2025-11-27T10:19:51.752Z] Checked if tokens are valid: true, expires at: 1764240773207
[debug] [2025-11-27T10:19:51.752Z] Checked if tokens are valid: true, expires at: 1764240773207
[debug] [2025-11-27T10:19:51.753Z] >>> [apiv2][query] GET https://firebaseextensions.googleapis.com/v1beta/projects/thevisamanager-bea80/instances pageSize=100&pageToken=
[debug] [2025-11-27T10:19:53.364Z] <<< [apiv2][status] GET https://firebaseextensions.googleapis.com/v1beta/projects/thevisamanager-bea80/instances 200
[debug] [2025-11-27T10:19:53.365Z] <<< [apiv2][body] GET https://firebaseextensions.googleapis.com/v1beta/projects/thevisamanager-bea80/instances {}
[debug] [2025-11-27T10:19:53.366Z] Checked if tokens are valid: true, expires at: 1764240773207
[debug] [2025-11-27T10:19:53.366Z] Checked if tokens are valid: true, expires at: 1764240773207
[debug] [2025-11-27T10:19:53.366Z] >>> [apiv2][query] GET https://secretmanager.googleapis.com/v1/projects/thevisamanager-bea80/secrets/RAZORPAY_KEY_ID [none]
[debug] [2025-11-27T10:19:53.763Z] <<< [apiv2][status] GET https://secretmanager.googleapis.com/v1/projects/thevisamanager-bea80/secrets/RAZORPAY_KEY_ID 200
[debug] [2025-11-27T10:19:53.764Z] <<< [apiv2][body] GET https://secretmanager.googleapis.com/v1/projects/thevisamanager-bea80/secrets/RAZORPAY_KEY_ID {"name":"projects/973458787565/secrets/RAZORPAY_KEY_ID","replication":{"automatic":{}},"createTime":"2025-11-26T11:51:52.221676Z","labels":{"firebase-managed":"functions"},"etag":"\"16447e05d5450a\""}
[debug] [2025-11-27T10:19:53.764Z] Checked if tokens are valid: true, expires at: 1764240773207
[debug] [2025-11-27T10:19:53.764Z] Checked if tokens are valid: true, expires at: 1764240773207
[debug] [2025-11-27T10:19:53.764Z] >>> [apiv2][query] GET https://secretmanager.googleapis.com/v1/projects/thevisamanager-bea80/secrets/RAZORPAY_KEY_ID/versions/latest [none]
[debug] [2025-11-27T10:19:54.123Z] <<< [apiv2][status] GET https://secretmanager.googleapis.com/v1/projects/thevisamanager-bea80/secrets/RAZORPAY_KEY_ID/versions/latest 200
[debug] [2025-11-27T10:19:54.123Z] <<< [apiv2][body] GET https://secretmanager.googleapis.com/v1/projects/thevisamanager-bea80/secrets/RAZORPAY_KEY_ID/versions/latest {"name":"projects/973458787565/secrets/RAZORPAY_KEY_ID/versions/2","createTime":"2025-11-26T12:02:17.858317Z","state":"ENABLED","replicationStatus":{"automatic":{}},"etag":"\"16447e2af9fd0d\""}
[debug] [2025-11-27T10:19:54.123Z] Checked if tokens are valid: true, expires at: 1764240773207
[debug] [2025-11-27T10:19:54.123Z] Checked if tokens are valid: true, expires at: 1764240773207
[debug] [2025-11-27T10:19:54.123Z] >>> [apiv2][query] GET https://secretmanager.googleapis.com/v1/projects/thevisamanager-bea80/secrets/RAZORPAY_KEY_SECRET [none]
[debug] [2025-11-27T10:19:54.475Z] <<< [apiv2][status] GET https://secretmanager.googleapis.com/v1/projects/thevisamanager-bea80/secrets/RAZORPAY_KEY_SECRET 200
[debug] [2025-11-27T10:19:54.475Z] <<< [apiv2][body] GET https://secretmanager.googleapis.com/v1/projects/thevisamanager-bea80/secrets/RAZORPAY_KEY_SECRET {"name":"projects/973458787565/secrets/RAZORPAY_KEY_SECRET","replication":{"automatic":{}},"createTime":"2025-11-26T11:55:12.547269Z","labels":{"firebase-managed":"functions"},"etag":"\"16447e11ba1417\""}
[debug] [2025-11-27T10:19:54.476Z] Checked if tokens are valid: true, expires at: 1764240773207
[debug] [2025-11-27T10:19:54.476Z] Checked if tokens are valid: true, expires at: 1764240773207
[debug] [2025-11-27T10:19:54.476Z] >>> [apiv2][query] GET https://secretmanager.googleapis.com/v1/projects/thevisamanager-bea80/secrets/RAZORPAY_KEY_SECRET/versions/latest [none]
[debug] [2025-11-27T10:19:54.830Z] <<< [apiv2][status] GET https://secretmanager.googleapis.com/v1/projects/thevisamanager-bea80/secrets/RAZORPAY_KEY_SECRET/versions/latest 200
[debug] [2025-11-27T10:19:54.831Z] <<< [apiv2][body] GET https://secretmanager.googleapis.com/v1/projects/thevisamanager-bea80/secrets/RAZORPAY_KEY_SECRET/versions/latest {"name":"projects/973458787565/secrets/RAZORPAY_KEY_SECRET/versions/2","createTime":"2025-11-26T12:02:47.075028Z","state":"ENABLED","replicationStatus":{"automatic":{}},"etag":"\"16447e2cb7ccd4\""}
[info] i  functions: preparing functions/api directory for uploading... 
[info] i  functions: packaged C:\Users\marke\TVM\Sahil\TheVisaManagerApp\functions\api (45.67 KB) for uploading 
[debug] [2025-11-27T10:19:54.872Z] Checked if tokens are valid: true, expires at: 1764240773207
[debug] [2025-11-27T10:19:54.872Z] Checked if tokens are valid: true, expires at: 1764240773207
[debug] [2025-11-27T10:19:54.872Z] >>> [apiv2][query] GET https://cloudfunctions.googleapis.com/v1/projects/thevisamanager-bea80/locations/-/functions [none]
[debug] [2025-11-27T10:19:55.732Z] <<< [apiv2][status] GET https://cloudfunctions.googleapis.com/v1/projects/thevisamanager-bea80/locations/-/functions 200
[debug] [2025-11-27T10:19:55.732Z] <<< [apiv2][body] GET https://cloudfunctions.googleapis.com/v1/projects/thevisamanager-bea80/locations/-/functions {}
[debug] [2025-11-27T10:19:55.733Z] Checked if tokens are valid: true, expires at: 1764240773207
[debug] [2025-11-27T10:19:55.733Z] Checked if tokens are valid: true, expires at: 1764240773207
[debug] [2025-11-27T10:19:55.733Z] >>> [apiv2][query] GET https://cloudfunctions.googleapis.com/v2/projects/thevisamanager-bea80/locations/-/functions filter=environment%3D%22GEN_2%22
[debug] [2025-11-27T10:19:57.519Z] <<< [apiv2][status] GET https://cloudfunctions.googleapis.com/v2/projects/thevisamanager-bea80/locations/-/functions 200
[debug] [2025-11-27T10:19:57.519Z] <<< [apiv2][body] GET https://cloudfunctions.googleapis.com/v2/projects/thevisamanager-bea80/locations/-/functions {"functions":[{"name":"projects/thevisamanager-bea80/locations/us-central1/functions/sendPaymentNotification","buildConfig":{"build":"projects/973458787565/locations/us-central1/builds/f1449cba-0aee-4267-b2e8-ffd5cfdb64f1","runtime":"nodejs22","entryPoint":"sendPaymentNotification","source":{"storageSource":{"bucket":"gcf-v2-sources-973458787565-us-central1","object":"sendPaymentNotification/function-source.zip","generation":"1761979144802238"}},"environmentVariables":{"GOOGLE_NODE_RUN_SCRIPTS":""},"dockerRepository":"projects/thevisamanager-bea80/locations/us-central1/repositories/gcf-artifacts","sourceProvenance":{"resolvedStorageSource":{"bucket":"gcf-v2-sources-973458787565-us-central1","object":"sendPaymentNotification/function-source.zip","generation":"1761979144802238"}},"dockerRegistry":"ARTIFACT_REGISTRY","serviceAccount":"projects/thevisamanager-bea80/serviceAccounts/973458787565-compute@developer.gserviceaccount.com","automaticUpdatePolicy":{}},"serviceConfig":{"service":"projects/thevisamanager-bea80/locations/us-central1/services/sendpaymentnotification","timeoutSeconds":60,"environmentVariables":{"FIREBASE_CONFIG":"{\"projectId\":\"thevisamanager-bea80\",\"storageBucket\":\"thevisamanager-bea80.firebasestorage.app\"}","GCLOUD_PROJECT":"thevisamanager-bea80","EVENTARC_CLOUD_EVENT_SOURCE":"projects/thevisamanager-bea80/locations/us-central1/services/sendPaymentNotification","FUNCTION_SIGNATURE_TYPE":"cloudevent","FUNCTION_TARGET":"sendPaymentNotification","LOG_EXECUTION_ID":"true"},"maxInstanceCount":20,"ingressSettings":"ALLOW_ALL","uri":"https://sendpaymentnotification-fdkefcllsq-uc.a.run.app","serviceAccountEmail":"973458787565-compute@developer.gserviceaccount.com","availableMemory":"256Mi","allTrafficOnLatestRevision":true,"revision":"sendpaymentnotification-00001-kos","maxInstanceRequestConcurrency":80,"availableCpu":"1"},"eventTrigger":{"trigger":"projects/thevisamanager-bea80/locations/asia-south1/triggers/sendpaymentnotification-721900","triggerRegion":"asia-south1","eventType":"google.cloud.firestore.document.v1.created","eventFilters":[{"attribute":"database","value":"(default)"},{"attribute":"namespace","value":"(default)"},{"attribute":"document","value":"payments/{paymentId}","operator":"match-path-pattern"}],"pubsubTopic":"projects/thevisamanager-bea80/topics/eventarc-asia-south1-sendpaymentnotification-721900-510","serviceAccountEmail":"973458787565-compute@developer.gserviceaccount.com","retryPolicy":"RETRY_POLICY_DO_NOT_RETRY"},"state":"ACTIVE","updateTime":"2025-11-01T06:40:41.558766174Z","labels":{"deployment-tool":"cli-firebase","firebase-functions-hash":"7209fd43139c35bc4c00550b7d06551fa1c2e8e2"},"environment":"GEN_2","url":"https://us-central1-thevisamanager-bea80.cloudfunctions.net/sendPaymentNotification","createTime":"2025-11-01T06:39:05.998598968Z","satisfiesPzi":true},{"name":"projects/thevisamanager-bea80/locations/us-central1/functions/api","buildConfig":{"build":"projects/973458787565/locations/us-central1/builds/f210d4b3-e840-4400-b3a1-33258fc19f61","runtime":"nodejs20","entryPoint":"api","source":{"storageSource":{"bucket":"gcf-v2-sources-973458787565-us-central1","object":"api/function-source.zip","generation":"1762935663381180"}},"environmentVariables":{"GOOGLE_NODE_RUN_SCRIPTS":""},"dockerRepository":"projects/thevisamanager-bea80/locations/us-central1/repositories/gcf-artifacts","sourceProvenance":{"resolvedStorageSource":{"bucket":"gcf-v2-sources-973458787565-us-central1","object":"api/function-source.zip","generation":"1762935663381180"}},"dockerRegistry":"ARTIFACT_REGISTRY","serviceAccount":"projects/thevisamanager-bea80/serviceAccounts/973458787565-compute@developer.gserviceaccount.com","automaticUpdatePolicy":{}},"serviceConfig":{"service":"projects/thevisamanager-bea80/locations/us-central1/services/api","timeoutSeconds":60,"environmentVariables":{"FIREBASE_CONFIG":"{\"projectId\":\"thevisamanager-bea80\",\"storageBucket\":\"thevisamanager-bea80.firebasestorage.app\"}","GCLOUD_PROJECT":"thevisamanager-bea80","EVENTARC_CLOUD_EVENT_SOURCE":"projects/thevisamanager-bea80/locations/us-central1/services/api","FUNCTION_TARGET":"api","LOG_EXECUTION_ID":"true"},"maxInstanceCount":20,"ingressSettings":"ALLOW_ALL","uri":"https://api-fdkefcllsq-uc.a.run.app","serviceAccountEmail":"973458787565-compute@developer.gserviceaccount.com","availableMemory":"256Mi","allTrafficOnLatestRevision":true,"revision":"api-00002-yiz","maxInstanceRequestConcurrency":80,"availableCpu":"1"},"state":"ACTIVE","updateTime":"2025-11-27T10:09:31.982678739Z","labels":{"deployment-tool":"cli-firebase","firebase-functions-hash":"f50f32d5ab3041366dfb5887354a140b2263e8af"},"environment":"GEN_2","url":"https://us-central1-thevisamanager-bea80.cloudfunctions.net/api","createTime":"2025-11-12T06:18:17.551762283Z","satisfiesPzi":true}]}
[info] i  functions: ensuring required API run.googleapis.com is enabled... 
[info] i  functions: ensuring required API eventarc.googleapis.com is enabled... 
[info] i  functions: ensuring required API pubsub.googleapis.com is enabled... 
[info] i  functions: ensuring required API storage.googleapis.com is enabled... 
[info] i  functions: generating the service identity for pubsub.googleapis.com... 
[debug] [2025-11-27T10:19:57.525Z] Checked if tokens are valid: true, expires at: 1764240773207
[debug] [2025-11-27T10:19:57.525Z] Checked if tokens are valid: true, expires at: 1764240773207
[info] i  functions: generating the service identity for eventarc.googleapis.com... 
[debug] [2025-11-27T10:19:57.526Z] Checked if tokens are valid: true, expires at: 1764240773207
[debug] [2025-11-27T10:19:57.526Z] Checked if tokens are valid: true, expires at: 1764240773207
[debug] [2025-11-27T10:19:57.526Z] >>> [apiv2][query] POST https://serviceusage.googleapis.com/v1beta1/projects/973458787565/services/pubsub.googleapis.com:generateServiceIdentity [none]
[debug] [2025-11-27T10:19:57.526Z] >>> [apiv2][(partial)header] POST https://serviceusage.googleapis.com/v1beta1/projects/973458787565/services/pubsub.googleapis.com:generateServiceIdentity x-goog-quota-user=projects/973458787565
[debug] [2025-11-27T10:19:57.526Z] >>> [apiv2][body] POST https://serviceusage.googleapis.com/v1beta1/projects/973458787565/services/pubsub.googleapis.com:generateServiceIdentity {}
[debug] [2025-11-27T10:19:57.529Z] >>> [apiv2][query] POST https://serviceusage.googleapis.com/v1beta1/projects/973458787565/services/eventarc.googleapis.com:generateServiceIdentity [none]
[debug] [2025-11-27T10:19:57.529Z] >>> [apiv2][(partial)header] POST https://serviceusage.googleapis.com/v1beta1/projects/973458787565/services/eventarc.googleapis.com:generateServiceIdentity x-goog-quota-user=projects/973458787565
[debug] [2025-11-27T10:19:57.529Z] >>> [apiv2][body] POST https://serviceusage.googleapis.com/v1beta1/projects/973458787565/services/eventarc.googleapis.com:generateServiceIdentity {}
[debug] [2025-11-27T10:19:59.351Z] <<< [apiv2][status] POST https://serviceusage.googleapis.com/v1beta1/projects/973458787565/services/pubsub.googleapis.com:generateServiceIdentity 200
[debug] [2025-11-27T10:19:59.351Z] <<< [apiv2][body] POST https://serviceusage.googleapis.com/v1beta1/projects/973458787565/services/pubsub.googleapis.com:generateServiceIdentity {"name":"operations/finished.DONE_OPERATION","done":true,"response":{"@type":"type.googleapis.com/google.api.serviceusage.v1beta1.ServiceIdentity","email":"service-973458787565@gcp-sa-pubsub.iam.gserviceaccount.com","uniqueId":"116864293427088685004"}}
[debug] [2025-11-27T10:19:59.420Z] <<< [apiv2][status] POST https://serviceusage.googleapis.com/v1beta1/projects/973458787565/services/eventarc.googleapis.com:generateServiceIdentity 200
[debug] [2025-11-27T10:19:59.420Z] <<< [apiv2][body] POST https://serviceusage.googleapis.com/v1beta1/projects/973458787565/services/eventarc.googleapis.com:generateServiceIdentity {"name":"operations/finished.DONE_OPERATION","done":true,"response":{"@type":"type.googleapis.com/google.api.serviceusage.v1beta1.ServiceIdentity","email":"service-973458787565@gcp-sa-eventarc.iam.gserviceaccount.com","uniqueId":"101508158388143710418"}}
[debug] [2025-11-27T10:19:59.422Z] Checked if tokens are valid: true, expires at: 1764240773207
[debug] [2025-11-27T10:19:59.422Z] Checked if tokens are valid: true, expires at: 1764240773207
[debug] [2025-11-27T10:19:59.423Z] >>> [apiv2][query] GET https://cloudresourcemanager.googleapis.com/v1/projects/thevisamanager-bea80 [none]
[debug] [2025-11-27T10:20:00.826Z] <<< [apiv2][status] GET https://cloudresourcemanager.googleapis.com/v1/projects/thevisamanager-bea80 200
[debug] [2025-11-27T10:20:00.827Z] <<< [apiv2][body] GET https://cloudresourcemanager.googleapis.com/v1/projects/thevisamanager-bea80 {"projectNumber":"973458787565","projectId":"thevisamanager-bea80","lifecycleState":"ACTIVE","name":"Thevisamanager","labels":{"firebase":"enabled","firebase-core":"disabled"},"createTime":"2025-10-14T09:31:12.508300Z"}
[debug] [2025-11-27T10:20:00.828Z] Checked if tokens are valid: true, expires at: 1764240773207
[debug] [2025-11-27T10:20:00.828Z] Checked if tokens are valid: true, expires at: 1764240773207
[debug] [2025-11-27T10:20:00.828Z] >>> [apiv2][query] GET https://compute.googleapis.com/compute/v1/projects/973458787565 [none]
[debug] [2025-11-27T10:20:01.181Z] <<< [apiv2][status] GET https://compute.googleapis.com/compute/v1/projects/973458787565 403
[debug] [2025-11-27T10:20:01.182Z] <<< [apiv2][body] GET https://compute.googleapis.com/compute/v1/projects/973458787565 {"error":{"code":403,"message":"Compute Engine API has not been used in project 973458787565 before or it is disabled. Enable it by visiting https://console.developers.google.com/apis/api/compute.googleapis.com/overview?project=973458787565 then retry. If you enabled this API recently, wait a few minutes for the action to propagate to our systems and retry.","errors":[{"message":"Compute Engine API has not been used in project 973458787565 before or it is disabled. Enable it by visiting https://console.developers.google.com/apis/api/compute.googleapis.com/overview?project=973458787565 then retry. If you enabled this API recently, wait a few minutes for the action to propagate to our systems and retry.","domain":"usageLimits","reason":"accessNotConfigured","extendedHelp":"https://console.developers.google.com"}],"status":"PERMISSION_DENIED","details":[{"@type":"type.googleapis.com/google.rpc.ErrorInfo","reason":"SERVICE_DISABLED","domain":"googleapis.com","metadata":{"containerInfo":"973458787565","service":"compute.googleapis.com","consumer":"projects/973458787565","activationUrl":"https://console.developers.google.com/apis/api/compute.googleapis.com/overview?project=973458787565","serviceTitle":"Compute Engine API"}},{"@type":"type.googleapis.com/google.rpc.LocalizedMessage","locale":"en-US","message":"Compute Engine API has not been used in project 973458787565 before or it is disabled. Enable it by visiting https://console.developers.google.com/apis/api/compute.googleapis.com/overview?project=973458787565 then retry. If you enabled this API recently, wait a few minutes for the action to propagate to our systems and retry."},{"@type":"type.googleapis.com/google.rpc.Help","links":[{"description":"Google developers console API activation","url":"https://console.developers.google.com/apis/api/compute.googleapis.com/overview?project=973458787565"}]}]}}
[debug] [2025-11-27T10:20:01.182Z] unable to look up default compute service account. Falling back to 973458787565-compute@developer.gserviceaccount.com. Error: {"name":"FirebaseError","children":[],"context":{"body":{"error":{"code":403,"message":"Compute Engine API has not been used in project 973458787565 before or it is disabled. Enable it by visiting https://console.developers.google.com/apis/api/compute.googleapis.com/overview?project=973458787565 then retry. If you enabled this API recently, wait a few minutes for the action to propagate to our systems and retry.","errors":[{"message":"Compute Engine API has not been used in project 973458787565 before or it is disabled. Enable it by visiting https://console.developers.google.com/apis/api/compute.googleapis.com/overview?project=973458787565 then retry. If you enabled this API recently, wait a few minutes for the action to propagate to our systems and retry.","domain":"usageLimits","reason":"accessNotConfigured","extendedHelp":"https://console.developers.google.com"}],"status":"PERMISSION_DENIED","details":[{"@type":"type.googleapis.com/google.rpc.ErrorInfo","reason":"SERVICE_DISABLED","domain":"googleapis.com","metadata":{"containerInfo":"973458787565","service":"compute.googleapis.com","consumer":"projects/973458787565","activationUrl":"https://console.developers.google.com/apis/api/compute.googleapis.com/overview?project=973458787565","serviceTitle":"Compute Engine API"}},{"@type":"type.googleapis.com/google.rpc.LocalizedMessage","locale":"en-US","message":"Compute Engine API has not been used in project 973458787565 before or it is disabled. Enable it by visiting https://console.developers.google.com/apis/api/compute.googleapis.com/overview?project=973458787565 then retry. If you enabled this API recently, wait a few minutes for the action to propagate to our systems and retry."},{"@type":"type.googleapis.com/google.rpc.Help","links":[{"description":"Google developers console API activation","url":"https://console.developers.google.com/apis/api/compute.googleapis.com/overview?project=973458787565"}]}]}},"response":{"statusCode":403}},"exit":1,"message":"Request to https://compute.googleapis.com/compute/v1/projects/973458787565 had HTTP Error: 403, Compute Engine API has not been used in project 973458787565 before or it is disabled. Enable it by visiting https://console.developers.google.com/apis/api/compute.googleapis.com/overview?project=973458787565 then retry. If you enabled this API recently, wait a few minutes for the action to propagate to our systems and retry.","status":403}
[debug] [2025-11-27T10:20:01.183Z] Checked if tokens are valid: true, expires at: 1764240773207
[debug] [2025-11-27T10:20:01.183Z] Checked if tokens are valid: true, expires at: 1764240773207
[debug] [2025-11-27T10:20:01.183Z] >>> [apiv2][query] GET https://cloudbilling.googleapis.com/v1/projects/thevisamanager-bea80/billingInfo [none]
[debug] [2025-11-27T10:20:01.532Z] <<< [apiv2][status] GET https://cloudbilling.googleapis.com/v1/projects/thevisamanager-bea80/billingInfo 200
[debug] [2025-11-27T10:20:01.532Z] <<< [apiv2][body] GET https://cloudbilling.googleapis.com/v1/projects/thevisamanager-bea80/billingInfo {"name":"projects/thevisamanager-bea80/billingInfo","projectId":"thevisamanager-bea80","billingAccountName":"billingAccounts/01FF61-6872C1-161478","billingEnabled":true}
[debug] [2025-11-27T10:20:01.533Z] Checked if tokens are valid: true, expires at: 1764240773207
[debug] [2025-11-27T10:20:01.533Z] Checked if tokens are valid: true, expires at: 1764240773207
[debug] [2025-11-27T10:20:01.533Z] >>> [apiv2][query] POST https://cloudfunctions.googleapis.com/v2/projects/thevisamanager-bea80/locations/us-central1/functions:generateUploadUrl [none]
[debug] [2025-11-27T10:20:02.953Z] <<< [apiv2][status] POST https://cloudfunctions.googleapis.com/v2/projects/thevisamanager-bea80/locations/us-central1/functions:generateUploadUrl 200
[debug] [2025-11-27T10:20:02.953Z] <<< [apiv2][body] POST https://cloudfunctions.googleapis.com/v2/projects/thevisamanager-bea80/locations/us-central1/functions:generateUploadUrl {"uploadUrl":"https://storage.googleapis.com/gcf-v2-uploads-973458787565.us-central1.cloudfunctions.appspot.com/06555e1b-8820-4eda-a46f-fefef8cb1607.zip?GoogleAccessId=service-973458787565@gcf-admin-robot.iam.gserviceaccount.com&Expires=1764240603&Signature=BMb2MaGB%2B9KY13udkDYopNZvqo32x1SRw81C8JhaXmQCO79EtmD%2BYDGrXS3GrxS7kHaVcquGWVQKK%2BP6JzqPQnAO0j%2Bcu1uFbCXL1HihSrEiY%2Bg1lHFm1zEkggJUCqHvMa29Ufl6nujLTqdNrixfaY6aoeQo0Ehpp3tGPgRFTCHF2I0m1XpJ2oEJRw7V%2FJzExDyQaRaVI3spFOgH8PMrYV26kV%2BtSxioS%2FODw2%2BDYTFGJ0IKx%2BuoYhire0%2Bd8yMzvz60XaE6er3rt%2Bq8NC31qZCPX5sXD33LoFKMca9deIurplQmciaPkypjHglGgEcydv8VD%2BN1MCYqiBeAJLZX4w%3D%3D","storageSource":{"bucket":"gcf-v2-uploads-973458787565.us-central1.cloudfunctions.appspot.com","object":"06555e1b-8820-4eda-a46f-fefef8cb1607.zip"}}
[debug] [2025-11-27T10:20:02.954Z] >>> [apiv2][query] PUT https://storage.googleapis.com/gcf-v2-uploads-973458787565.us-central1.cloudfunctions.appspot.com/06555e1b-8820-4eda-a46f-fefef8cb1607.zip GoogleAccessId=service-973458787565%40gcf-admin-robot.iam.gserviceaccount.com&Expires=1764240603&Signature=BMb2MaGB%2B9KY13udkDYopNZvqo32x1SRw81C8JhaXmQCO79EtmD%2BYDGrXS3GrxS7kHaVcquGWVQKK%2BP6JzqPQnAO0j%2Bcu1uFbCXL1HihSrEiY%2Bg1lHFm1zEkggJUCqHvMa29Ufl6nujLTqdNrixfaY6aoeQo0Ehpp3tGPgRFTCHF2I0m1XpJ2oEJRw7V%2FJzExDyQaRaVI3spFOgH8PMrYV26kV%2BtSxioS%2FODw2%2BDYTFGJ0IKx%2BuoYhire0%2Bd8yMzvz60XaE6er3rt%2Bq8NC31qZCPX5sXD33LoFKMca9deIurplQmciaPkypjHglGgEcydv8VD%2BN1MCYqiBeAJLZX4w%3D%3D
[debug] [2025-11-27T10:20:02.954Z] >>> [apiv2][body] PUT https://storage.googleapis.com/gcf-v2-uploads-973458787565.us-central1.cloudfunctions.appspot.com/06555e1b-8820-4eda-a46f-fefef8cb1607.zip [stream]
[debug] [2025-11-27T10:20:04.946Z] <<< [apiv2][status] PUT https://storage.googleapis.com/gcf-v2-uploads-973458787565.us-central1.cloudfunctions.appspot.com/06555e1b-8820-4eda-a46f-fefef8cb1607.zip 200
[debug] [2025-11-27T10:20:04.946Z] <<< [apiv2][body] PUT https://storage.googleapis.com/gcf-v2-uploads-973458787565.us-central1.cloudfunctions.appspot.com/06555e1b-8820-4eda-a46f-fefef8cb1607.zip [omitted]
[info] +  functions: functions/api source uploaded successfully 
[info] 
The following functions are found in your project but do not exist in your local source code:
	sendPaymentNotification(us-central1)

If you are renaming a function or changing its region, it is recommended that you create the new function first before deleting the old one to prevent event loss. For more info, visit https://firebase.google.com/docs/functions/manage-functions#modify

[info] i  functions: updating Node.js 20 (2nd Gen) function api(us-central1)... 
[debug] [2025-11-27T10:20:04.984Z] Checked if tokens are valid: true, expires at: 1764240773207
[debug] [2025-11-27T10:20:04.985Z] Checked if tokens are valid: true, expires at: 1764240773207
[debug] [2025-11-27T10:20:04.985Z] >>> [apiv2][query] PATCH https://cloudfunctions.googleapis.com/v2/projects/thevisamanager-bea80/locations/us-central1/functions/api updateMask=name%2CbuildConfig.runtime%2CbuildConfig.entryPoint%2CbuildConfig.source.storageSource.bucket%2CbuildConfig.source.storageSource.object%2CbuildConfig.environmentVariables%2CbuildConfig.sourceToken%2CserviceConfig.environmentVariables%2CserviceConfig.ingressSettings%2CserviceConfig.timeoutSeconds%2CserviceConfig.serviceAccountEmail%2CserviceConfig.availableMemory%2CserviceConfig.minInstanceCount%2CserviceConfig.maxInstanceCount%2CserviceConfig.maxInstanceRequestConcurrency%2CserviceConfig.availableCpu%2CserviceConfig.vpcConnector%2CserviceConfig.vpcConnectorEgressSettings%2Clabels
[debug] [2025-11-27T10:20:04.985Z] >>> [apiv2][body] PATCH https://cloudfunctions.googleapis.com/v2/projects/thevisamanager-bea80/locations/us-central1/functions/api {"name":"projects/thevisamanager-bea80/locations/us-central1/functions/api","buildConfig":{"runtime":"nodejs20","entryPoint":"api","source":{"storageSource":{"bucket":"gcf-v2-uploads-973458787565.us-central1.cloudfunctions.appspot.com","object":"06555e1b-8820-4eda-a46f-fefef8cb1607.zip"}},"environmentVariables":{"GOOGLE_NODE_RUN_SCRIPTS":""}},"serviceConfig":{"environmentVariables":{"FIREBASE_CONFIG":"{\"projectId\":\"thevisamanager-bea80\",\"storageBucket\":\"thevisamanager-bea80.firebasestorage.app\"}","GCLOUD_PROJECT":"thevisamanager-bea80","EVENTARC_CLOUD_EVENT_SOURCE":"projects/thevisamanager-bea80/locations/us-central1/services/api","FUNCTION_TARGET":"api","LOG_EXECUTION_ID":"true"},"ingressSettings":null,"timeoutSeconds":null,"serviceAccountEmail":null,"availableMemory":"256Mi","minInstanceCount":null,"maxInstanceCount":null,"maxInstanceRequestConcurrency":80,"availableCpu":"1","vpcConnector":null,"vpcConnectorEgressSettings":null},"labels":{"deployment-tool":"cli-firebase","firebase-functions-hash":"6c89aadf530d8d603e0747e0b4bfb42f4e0cbd2a"}}
[debug] [2025-11-27T10:20:07.109Z] <<< [apiv2][status] PATCH https://cloudfunctions.googleapis.com/v2/projects/thevisamanager-bea80/locations/us-central1/functions/api 200
[debug] [2025-11-27T10:20:07.109Z] <<< [apiv2][body] PATCH https://cloudfunctions.googleapis.com/v2/projects/thevisamanager-bea80/locations/us-central1/functions/api {"name":"projects/thevisamanager-bea80/locations/us-central1/operations/operation-1764238807167-64490db6673d5-84e3253d-d4ac4900","metadata":{"@type":"type.googleapis.com/google.cloud.functions.v2.OperationMetadata","createTime":"2025-11-27T10:20:07.983595261Z","target":"projects/thevisamanager-bea80/locations/us-central1/functions/api","verb":"update","cancelRequested":false,"apiVersion":"v2"},"done":false}
[debug] [2025-11-27T10:20:07.110Z] Checked if tokens are valid: true, expires at: 1764240773207
[debug] [2025-11-27T10:20:07.110Z] Checked if tokens are valid: true, expires at: 1764240773207
[debug] [2025-11-27T10:20:07.110Z] >>> [apiv2][query] GET https://cloudfunctions.googleapis.com/v2/projects/thevisamanager-bea80/locations/us-central1/operations/operation-1764238807167-64490db6673d5-84e3253d-d4ac4900 [none]
[debug] [2025-11-27T10:20:08.407Z] <<< [apiv2][status] GET https://cloudfunctions.googleapis.com/v2/projects/thevisamanager-bea80/locations/us-central1/operations/operation-1764238807167-64490db6673d5-84e3253d-d4ac4900 200
[debug] [2025-11-27T10:20:08.407Z] <<< [apiv2][body] GET https://cloudfunctions.googleapis.com/v2/projects/thevisamanager-bea80/locations/us-central1/operations/operation-1764238807167-64490db6673d5-84e3253d-d4ac4900 {"name":"projects/thevisamanager-bea80/locations/us-central1/operations/operation-1764238807167-64490db6673d5-84e3253d-d4ac4900","metadata":{"@type":"type.googleapis.com/google.cloud.functions.v2.OperationMetadata","createTime":"2025-11-27T10:20:07.983595261Z","target":"projects/thevisamanager-bea80/locations/us-central1/functions/api","verb":"update","cancelRequested":false,"apiVersion":"v2","requestResource":{"@type":"type.googleapis.com/google.cloud.functions.v2.Function","name":"projects/thevisamanager-bea80/locations/us-central1/functions/api","buildConfig":{"runtime":"nodejs20","entryPoint":"api","source":{"storageSource":{"bucket":"gcf-v2-sources-973458787565-us-central1","object":"api/function-source.zip","generation":"1764238807917009"}},"environmentVariables":{"GOOGLE_NODE_RUN_SCRIPTS":""},"dockerRepository":"projects/thevisamanager-bea80/locations/us-central1/repositories/gcf-artifacts","sourceProvenance":{"resolvedStorageSource":{"bucket":"gcf-v2-sources-973458787565-us-central1","object":"api/function-source.zip","generation":"1762935663381180"}},"dockerRegistry":"ARTIFACT_REGISTRY","serviceAccount":"projects/thevisamanager-bea80/serviceAccounts/973458787565-compute@developer.gserviceaccount.com","automaticUpdatePolicy":{}},"serviceConfig":{"service":"projects/thevisamanager-bea80/locations/us-central1/services/api","timeoutSeconds":60,"environmentVariables":{"FIREBASE_CONFIG":"{\"projectId\":\"thevisamanager-bea80\",\"storageBucket\":\"thevisamanager-bea80.firebasestorage.app\"}","GCLOUD_PROJECT":"thevisamanager-bea80","EVENTARC_CLOUD_EVENT_SOURCE":"projects/thevisamanager-bea80/locations/us-central1/services/api","FUNCTION_TARGET":"api","LOG_EXECUTION_ID":"true"},"ingressSettings":"ALLOW_ALL","uri":"https://api-fdkefcllsq-uc.a.run.app","serviceAccountEmail":"973458787565-compute@developer.gserviceaccount.com","availableMemory":"256Mi","allTrafficOnLatestRevision":true,"revision":"api-00002-yiz","maxInstanceRequestConcurrency":80,"availableCpu":"1"},"state":"ACTIVE","labels":{"deployment-tool":"cloudfunctions","firebase-functions-hash":"6c89aadf530d8d603e0747e0b4bfb42f4e0cbd2a"},"environment":"GEN_2","url":"https://us-central1-thevisamanager-bea80.cloudfunctions.net/api","satisfiesPzi":true},"stages":[{"name":"BUILD","message":"Build in progress","state":"IN_PROGRESS","resource":"projects/973458787565/locations/us-central1/builds/812849b2-e9e2-4752-b4b3-5f221b876a80","resourceUri":"https://console.cloud.google.com/cloud-build/builds;region=us-central1/812849b2-e9e2-4752-b4b3-5f221b876a80?project=973458787565"},{"name":"SERVICE","state":"NOT_STARTED"}],"operationType":"UPDATE_FUNCTION","buildName":"projects/973458787565/locations/us-central1/builds/812849b2-e9e2-4752-b4b3-5f221b876a80"},"done":false}
[debug] [2025-11-27T10:20:08.924Z] [update-default-us-central1-api] Retrying task index 0
[debug] [2025-11-27T10:20:08.924Z] Checked if tokens are valid: true, expires at: 1764240773207
[debug] [2025-11-27T10:20:08.924Z] Checked if tokens are valid: true, expires at: 1764240773207
[debug] [2025-11-27T10:20:08.924Z] >>> [apiv2][query] GET https://cloudfunctions.googleapis.com/v2/projects/thevisamanager-bea80/locations/us-central1/operations/operation-1764238807167-64490db6673d5-84e3253d-d4ac4900 [none]
[debug] [2025-11-27T10:20:10.214Z] <<< [apiv2][status] GET https://cloudfunctions.googleapis.com/v2/projects/thevisamanager-bea80/locations/us-central1/operations/operation-1764238807167-64490db6673d5-84e3253d-d4ac4900 200
[debug] [2025-11-27T10:20:10.214Z] <<< [apiv2][body] GET https://cloudfunctions.googleapis.com/v2/projects/thevisamanager-bea80/locations/us-central1/operations/operation-1764238807167-64490db6673d5-84e3253d-d4ac4900 {"name":"projects/thevisamanager-bea80/locations/us-central1/operations/operation-1764238807167-64490db6673d5-84e3253d-d4ac4900","metadata":{"@type":"type.googleapis.com/google.cloud.functions.v2.OperationMetadata","createTime":"2025-11-27T10:20:07.983595261Z","target":"projects/thevisamanager-bea80/locations/us-central1/functions/api","verb":"update","cancelRequested":false,"apiVersion":"v2","requestResource":{"@type":"type.googleapis.com/google.cloud.functions.v2.Function","name":"projects/thevisamanager-bea80/locations/us-central1/functions/api","buildConfig":{"runtime":"nodejs20","entryPoint":"api","source":{"storageSource":{"bucket":"gcf-v2-sources-973458787565-us-central1","object":"api/function-source.zip","generation":"1764238807917009"}},"environmentVariables":{"GOOGLE_NODE_RUN_SCRIPTS":""},"dockerRepository":"projects/thevisamanager-bea80/locations/us-central1/repositories/gcf-artifacts","sourceProvenance":{"resolvedStorageSource":{"bucket":"gcf-v2-sources-973458787565-us-central1","object":"api/function-source.zip","generation":"1762935663381180"}},"dockerRegistry":"ARTIFACT_REGISTRY","serviceAccount":"projects/thevisamanager-bea80/serviceAccounts/973458787565-compute@developer.gserviceaccount.com","automaticUpdatePolicy":{}},"serviceConfig":{"service":"projects/thevisamanager-bea80/locations/us-central1/services/api","timeoutSeconds":60,"environmentVariables":{"FIREBASE_CONFIG":"{\"projectId\":\"thevisamanager-bea80\",\"storageBucket\":\"thevisamanager-bea80.firebasestorage.app\"}","GCLOUD_PROJECT":"thevisamanager-bea80","EVENTARC_CLOUD_EVENT_SOURCE":"projects/thevisamanager-bea80/locations/us-central1/services/api","FUNCTION_TARGET":"api","LOG_EXECUTION_ID":"true"},"ingressSettings":"ALLOW_ALL","uri":"https://api-fdkefcllsq-uc.a.run.app","serviceAccountEmail":"973458787565-compute@developer.gserviceaccount.com","availableMemory":"256Mi","allTrafficOnLatestRevision":true,"revision":"api-00002-yiz","maxInstanceRequestConcurrency":80,"availableCpu":"1"},"state":"ACTIVE","labels":{"deployment-tool":"cloudfunctions","firebase-functions-hash":"6c89aadf530d8d603e0747e0b4bfb42f4e0cbd2a"},"environment":"GEN_2","url":"https://us-central1-thevisamanager-bea80.cloudfunctions.net/api","satisfiesPzi":true},"stages":[{"name":"BUILD","message":"Build in progress","state":"IN_PROGRESS","resource":"projects/973458787565/locations/us-central1/builds/812849b2-e9e2-4752-b4b3-5f221b876a80","resourceUri":"https://console.cloud.google.com/cloud-build/builds;region=us-central1/812849b2-e9e2-4752-b4b3-5f221b876a80?project=973458787565"},{"name":"SERVICE","state":"NOT_STARTED"}],"operationType":"UPDATE_FUNCTION","buildName":"projects/973458787565/locations/us-central1/builds/812849b2-e9e2-4752-b4b3-5f221b876a80"},"done":false}
[debug] [2025-11-27T10:20:11.227Z] [update-default-us-central1-api] Retrying task index 0
[debug] [2025-11-27T10:20:11.228Z] Checked if tokens are valid: true, expires at: 1764240773207
[debug] [2025-11-27T10:20:11.228Z] Checked if tokens are valid: true, expires at: 1764240773207
[debug] [2025-11-27T10:20:11.228Z] >>> [apiv2][query] GET https://cloudfunctions.googleapis.com/v2/projects/thevisamanager-bea80/locations/us-central1/operations/operation-1764238807167-64490db6673d5-84e3253d-d4ac4900 [none]
[debug] [2025-11-27T10:20:12.522Z] <<< [apiv2][status] GET https://cloudfunctions.googleapis.com/v2/projects/thevisamanager-bea80/locations/us-central1/operations/operation-1764238807167-64490db6673d5-84e3253d-d4ac4900 200
[debug] [2025-11-27T10:20:12.523Z] <<< [apiv2][body] GET https://cloudfunctions.googleapis.com/v2/projects/thevisamanager-bea80/locations/us-central1/operations/operation-1764238807167-64490db6673d5-84e3253d-d4ac4900 {"name":"projects/thevisamanager-bea80/locations/us-central1/operations/operation-1764238807167-64490db6673d5-84e3253d-d4ac4900","metadata":{"@type":"type.googleapis.com/google.cloud.functions.v2.OperationMetadata","createTime":"2025-11-27T10:20:07.983595261Z","target":"projects/thevisamanager-bea80/locations/us-central1/functions/api","verb":"update","cancelRequested":false,"apiVersion":"v2","requestResource":{"@type":"type.googleapis.com/google.cloud.functions.v2.Function","name":"projects/thevisamanager-bea80/locations/us-central1/functions/api","buildConfig":{"runtime":"nodejs20","entryPoint":"api","source":{"storageSource":{"bucket":"gcf-v2-sources-973458787565-us-central1","object":"api/function-source.zip","generation":"1764238807917009"}},"environmentVariables":{"GOOGLE_NODE_RUN_SCRIPTS":""},"dockerRepository":"projects/thevisamanager-bea80/locations/us-central1/repositories/gcf-artifacts","sourceProvenance":{"resolvedStorageSource":{"bucket":"gcf-v2-sources-973458787565-us-central1","object":"api/function-source.zip","generation":"1762935663381180"}},"dockerRegistry":"ARTIFACT_REGISTRY","serviceAccount":"projects/thevisamanager-bea80/serviceAccounts/973458787565-compute@developer.gserviceaccount.com","automaticUpdatePolicy":{}},"serviceConfig":{"service":"projects/thevisamanager-bea80/locations/us-central1/services/api","timeoutSeconds":60,"environmentVariables":{"FIREBASE_CONFIG":"{\"projectId\":\"thevisamanager-bea80\",\"storageBucket\":\"thevisamanager-bea80.firebasestorage.app\"}","GCLOUD_PROJECT":"thevisamanager-bea80","EVENTARC_CLOUD_EVENT_SOURCE":"projects/thevisamanager-bea80/locations/us-central1/services/api","FUNCTION_TARGET":"api","LOG_EXECUTION_ID":"true"},"ingressSettings":"ALLOW_ALL","uri":"https://api-fdkefcllsq-uc.a.run.app","serviceAccountEmail":"973458787565-compute@developer.gserviceaccount.com","availableMemory":"256Mi","allTrafficOnLatestRevision":true,"revision":"api-00002-yiz","maxInstanceRequestConcurrency":80,"availableCpu":"1"},"state":"ACTIVE","labels":{"deployment-tool":"cloudfunctions","firebase-functions-hash":"6c89aadf530d8d603e0747e0b4bfb42f4e0cbd2a"},"environment":"GEN_2","url":"https://us-central1-thevisamanager-bea80.cloudfunctions.net/api","satisfiesPzi":true},"stages":[{"name":"BUILD","message":"Build in progress","state":"IN_PROGRESS","resource":"projects/973458787565/locations/us-central1/builds/812849b2-e9e2-4752-b4b3-5f221b876a80","resourceUri":"https://console.cloud.google.com/cloud-build/builds;region=us-central1/812849b2-e9e2-4752-b4b3-5f221b876a80?project=973458787565"},{"name":"SERVICE","state":"NOT_STARTED"}],"operationType":"UPDATE_FUNCTION","buildName":"projects/973458787565/locations/us-central1/builds/812849b2-e9e2-4752-b4b3-5f221b876a80"},"done":false}
[debug] [2025-11-27T10:20:14.529Z] [update-default-us-central1-api] Retrying task index 0
[debug] [2025-11-27T10:20:14.529Z] Checked if tokens are valid: true, expires at: 1764240773207
[debug] [2025-11-27T10:20:14.529Z] Checked if tokens are valid: true, expires at: 1764240773207
[debug] [2025-11-27T10:20:14.529Z] >>> [apiv2][query] GET https://cloudfunctions.googleapis.com/v2/projects/thevisamanager-bea80/locations/us-central1/operations/operation-1764238807167-64490db6673d5-84e3253d-d4ac4900 [none]
[debug] [2025-11-27T10:20:15.838Z] <<< [apiv2][status] GET https://cloudfunctions.googleapis.com/v2/projects/thevisamanager-bea80/locations/us-central1/operations/operation-1764238807167-64490db6673d5-84e3253d-d4ac4900 200
[debug] [2025-11-27T10:20:15.838Z] <<< [apiv2][body] GET https://cloudfunctions.googleapis.com/v2/projects/thevisamanager-bea80/locations/us-central1/operations/operation-1764238807167-64490db6673d5-84e3253d-d4ac4900 {"name":"projects/thevisamanager-bea80/locations/us-central1/operations/operation-1764238807167-64490db6673d5-84e3253d-d4ac4900","metadata":{"@type":"type.googleapis.com/google.cloud.functions.v2.OperationMetadata","createTime":"2025-11-27T10:20:07.983595261Z","target":"projects/thevisamanager-bea80/locations/us-central1/functions/api","verb":"update","cancelRequested":false,"apiVersion":"v2","requestResource":{"@type":"type.googleapis.com/google.cloud.functions.v2.Function","name":"projects/thevisamanager-bea80/locations/us-central1/functions/api","buildConfig":{"runtime":"nodejs20","entryPoint":"api","source":{"storageSource":{"bucket":"gcf-v2-sources-973458787565-us-central1","object":"api/function-source.zip","generation":"1764238807917009"}},"environmentVariables":{"GOOGLE_NODE_RUN_SCRIPTS":""},"dockerRepository":"projects/thevisamanager-bea80/locations/us-central1/repositories/gcf-artifacts","sourceProvenance":{"resolvedStorageSource":{"bucket":"gcf-v2-sources-973458787565-us-central1","object":"api/function-source.zip","generation":"1762935663381180"}},"dockerRegistry":"ARTIFACT_REGISTRY","serviceAccount":"projects/thevisamanager-bea80/serviceAccounts/973458787565-compute@developer.gserviceaccount.com","automaticUpdatePolicy":{}},"serviceConfig":{"service":"projects/thevisamanager-bea80/locations/us-central1/services/api","timeoutSeconds":60,"environmentVariables":{"FIREBASE_CONFIG":"{\"projectId\":\"thevisamanager-bea80\",\"storageBucket\":\"thevisamanager-bea80.firebasestorage.app\"}","GCLOUD_PROJECT":"thevisamanager-bea80","EVENTARC_CLOUD_EVENT_SOURCE":"projects/thevisamanager-bea80/locations/us-central1/services/api","FUNCTION_TARGET":"api","LOG_EXECUTION_ID":"true"},"ingressSettings":"ALLOW_ALL","uri":"https://api-fdkefcllsq-uc.a.run.app","serviceAccountEmail":"973458787565-compute@developer.gserviceaccount.com","availableMemory":"256Mi","allTrafficOnLatestRevision":true,"revision":"api-00002-yiz","maxInstanceRequestConcurrency":80,"availableCpu":"1"},"state":"ACTIVE","labels":{"deployment-tool":"cloudfunctions","firebase-functions-hash":"6c89aadf530d8d603e0747e0b4bfb42f4e0cbd2a"},"environment":"GEN_2","url":"https://us-central1-thevisamanager-bea80.cloudfunctions.net/api","satisfiesPzi":true},"stages":[{"name":"BUILD","message":"Build in progress","state":"IN_PROGRESS","resource":"projects/973458787565/locations/us-central1/builds/812849b2-e9e2-4752-b4b3-5f221b876a80","resourceUri":"https://console.cloud.google.com/cloud-build/builds;region=us-central1/812849b2-e9e2-4752-b4b3-5f221b876a80?project=973458787565"},{"name":"SERVICE","state":"NOT_STARTED"}],"operationType":"UPDATE_FUNCTION","buildName":"projects/973458787565/locations/us-central1/builds/812849b2-e9e2-4752-b4b3-5f221b876a80"},"done":false}
[debug] [2025-11-27T10:20:19.845Z] [update-default-us-central1-api] Retrying task index 0
[debug] [2025-11-27T10:20:19.846Z] Checked if tokens are valid: true, expires at: 1764240773207
[debug] [2025-11-27T10:20:19.846Z] Checked if tokens are valid: true, expires at: 1764240773207
[debug] [2025-11-27T10:20:19.846Z] >>> [apiv2][query] GET https://cloudfunctions.googleapis.com/v2/projects/thevisamanager-bea80/locations/us-central1/operations/operation-1764238807167-64490db6673d5-84e3253d-d4ac4900 [none]
[debug] [2025-11-27T10:20:20.169Z] <<< [apiv2][status] GET https://cloudfunctions.googleapis.com/v2/projects/thevisamanager-bea80/locations/us-central1/operations/operation-1764238807167-64490db6673d5-84e3253d-d4ac4900 200
[debug] [2025-11-27T10:20:20.169Z] <<< [apiv2][body] GET https://cloudfunctions.googleapis.com/v2/projects/thevisamanager-bea80/locations/us-central1/operations/operation-1764238807167-64490db6673d5-84e3253d-d4ac4900 {"name":"projects/thevisamanager-bea80/locations/us-central1/operations/operation-1764238807167-64490db6673d5-84e3253d-d4ac4900","metadata":{"@type":"type.googleapis.com/google.cloud.functions.v2.OperationMetadata","createTime":"2025-11-27T10:20:07.983595261Z","target":"projects/thevisamanager-bea80/locations/us-central1/functions/api","verb":"update","cancelRequested":false,"apiVersion":"v2","requestResource":{"@type":"type.googleapis.com/google.cloud.functions.v2.Function","name":"projects/thevisamanager-bea80/locations/us-central1/functions/api","buildConfig":{"runtime":"nodejs20","entryPoint":"api","source":{"storageSource":{"bucket":"gcf-v2-sources-973458787565-us-central1","object":"api/function-source.zip","generation":"1764238807917009"}},"environmentVariables":{"GOOGLE_NODE_RUN_SCRIPTS":""},"dockerRepository":"projects/thevisamanager-bea80/locations/us-central1/repositories/gcf-artifacts","sourceProvenance":{"resolvedStorageSource":{"bucket":"gcf-v2-sources-973458787565-us-central1","object":"api/function-source.zip","generation":"1762935663381180"}},"dockerRegistry":"ARTIFACT_REGISTRY","serviceAccount":"projects/thevisamanager-bea80/serviceAccounts/973458787565-compute@developer.gserviceaccount.com","automaticUpdatePolicy":{}},"serviceConfig":{"service":"projects/thevisamanager-bea80/locations/us-central1/services/api","timeoutSeconds":60,"environmentVariables":{"FIREBASE_CONFIG":"{\"projectId\":\"thevisamanager-bea80\",\"storageBucket\":\"thevisamanager-bea80.firebasestorage.app\"}","GCLOUD_PROJECT":"thevisamanager-bea80","EVENTARC_CLOUD_EVENT_SOURCE":"projects/thevisamanager-bea80/locations/us-central1/services/api","FUNCTION_TARGET":"api","LOG_EXECUTION_ID":"true"},"ingressSettings":"ALLOW_ALL","uri":"https://api-fdkefcllsq-uc.a.run.app","serviceAccountEmail":"973458787565-compute@developer.gserviceaccount.com","availableMemory":"256Mi","allTrafficOnLatestRevision":true,"revision":"api-00002-yiz","maxInstanceRequestConcurrency":80,"availableCpu":"1"},"state":"ACTIVE","labels":{"deployment-tool":"cloudfunctions","firebase-functions-hash":"6c89aadf530d8d603e0747e0b4bfb42f4e0cbd2a"},"environment":"GEN_2","url":"https://us-central1-thevisamanager-bea80.cloudfunctions.net/api","satisfiesPzi":true},"stages":[{"name":"BUILD","message":"Build in progress","state":"IN_PROGRESS","resource":"projects/973458787565/locations/us-central1/builds/812849b2-e9e2-4752-b4b3-5f221b876a80","resourceUri":"https://console.cloud.google.com/cloud-build/builds;region=us-central1/812849b2-e9e2-4752-b4b3-5f221b876a80?project=973458787565"},{"name":"SERVICE","state":"NOT_STARTED"}],"operationType":"UPDATE_FUNCTION","buildName":"projects/973458787565/locations/us-central1/builds/812849b2-e9e2-4752-b4b3-5f221b876a80"},"done":false}
[debug] [2025-11-27T10:20:28.182Z] [update-default-us-central1-api] Retrying task index 0
[debug] [2025-11-27T10:20:28.184Z] Checked if tokens are valid: true, expires at: 1764240773207
[debug] [2025-11-27T10:20:28.184Z] Checked if tokens are valid: true, expires at: 1764240773207
[debug] [2025-11-27T10:20:28.184Z] >>> [apiv2][query] GET https://cloudfunctions.googleapis.com/v2/projects/thevisamanager-bea80/locations/us-central1/operations/operation-1764238807167-64490db6673d5-84e3253d-d4ac4900 [none]
[debug] [2025-11-27T10:20:28.539Z] <<< [apiv2][status] GET https://cloudfunctions.googleapis.com/v2/projects/thevisamanager-bea80/locations/us-central1/operations/operation-1764238807167-64490db6673d5-84e3253d-d4ac4900 200
[debug] [2025-11-27T10:20:28.540Z] <<< [apiv2][body] GET https://cloudfunctions.googleapis.com/v2/projects/thevisamanager-bea80/locations/us-central1/operations/operation-1764238807167-64490db6673d5-84e3253d-d4ac4900 {"name":"projects/thevisamanager-bea80/locations/us-central1/operations/operation-1764238807167-64490db6673d5-84e3253d-d4ac4900","metadata":{"@type":"type.googleapis.com/google.cloud.functions.v2.OperationMetadata","createTime":"2025-11-27T10:20:07.983595261Z","target":"projects/thevisamanager-bea80/locations/us-central1/functions/api","verb":"update","cancelRequested":false,"apiVersion":"v2","requestResource":{"@type":"type.googleapis.com/google.cloud.functions.v2.Function","name":"projects/thevisamanager-bea80/locations/us-central1/functions/api","buildConfig":{"runtime":"nodejs20","entryPoint":"api","source":{"storageSource":{"bucket":"gcf-v2-sources-973458787565-us-central1","object":"api/function-source.zip","generation":"1764238807917009"}},"environmentVariables":{"GOOGLE_NODE_RUN_SCRIPTS":""},"dockerRepository":"projects/thevisamanager-bea80/locations/us-central1/repositories/gcf-artifacts","sourceProvenance":{"resolvedStorageSource":{"bucket":"gcf-v2-sources-973458787565-us-central1","object":"api/function-source.zip","generation":"1762935663381180"}},"dockerRegistry":"ARTIFACT_REGISTRY","serviceAccount":"projects/thevisamanager-bea80/serviceAccounts/973458787565-compute@developer.gserviceaccount.com","automaticUpdatePolicy":{}},"serviceConfig":{"service":"projects/thevisamanager-bea80/locations/us-central1/services/api","timeoutSeconds":60,"environmentVariables":{"FIREBASE_CONFIG":"{\"projectId\":\"thevisamanager-bea80\",\"storageBucket\":\"thevisamanager-bea80.firebasestorage.app\"}","GCLOUD_PROJECT":"thevisamanager-bea80","EVENTARC_CLOUD_EVENT_SOURCE":"projects/thevisamanager-bea80/locations/us-central1/services/api","FUNCTION_TARGET":"api","LOG_EXECUTION_ID":"true"},"ingressSettings":"ALLOW_ALL","uri":"https://api-fdkefcllsq-uc.a.run.app","serviceAccountEmail":"973458787565-compute@developer.gserviceaccount.com","availableMemory":"256Mi","allTrafficOnLatestRevision":true,"revision":"api-00002-yiz","maxInstanceRequestConcurrency":80,"availableCpu":"1"},"state":"ACTIVE","labels":{"deployment-tool":"cloudfunctions","firebase-functions-hash":"6c89aadf530d8d603e0747e0b4bfb42f4e0cbd2a"},"environment":"GEN_2","url":"https://us-central1-thevisamanager-bea80.cloudfunctions.net/api","satisfiesPzi":true},"stages":[{"name":"BUILD","message":"Build in progress","state":"IN_PROGRESS","resource":"projects/973458787565/locations/us-central1/builds/812849b2-e9e2-4752-b4b3-5f221b876a80","resourceUri":"https://console.cloud.google.com/cloud-build/builds;region=us-central1/812849b2-e9e2-4752-b4b3-5f221b876a80?project=973458787565"},{"name":"SERVICE","state":"NOT_STARTED"}],"operationType":"UPDATE_FUNCTION","buildName":"projects/973458787565/locations/us-central1/builds/812849b2-e9e2-4752-b4b3-5f221b876a80"},"done":false}
[debug] [2025-11-27T10:20:38.543Z] [update-default-us-central1-api] Retrying task index 0
[debug] [2025-11-27T10:20:38.544Z] Checked if tokens are valid: true, expires at: 1764240773207
[debug] [2025-11-27T10:20:38.544Z] Checked if tokens are valid: true, expires at: 1764240773207
[debug] [2025-11-27T10:20:38.544Z] >>> [apiv2][query] GET https://cloudfunctions.googleapis.com/v2/projects/thevisamanager-bea80/locations/us-central1/operations/operation-1764238807167-64490db6673d5-84e3253d-d4ac4900 [none]
[debug] [2025-11-27T10:20:39.842Z] <<< [apiv2][status] GET https://cloudfunctions.googleapis.com/v2/projects/thevisamanager-bea80/locations/us-central1/operations/operation-1764238807167-64490db6673d5-84e3253d-d4ac4900 200
[debug] [2025-11-27T10:20:39.842Z] <<< [apiv2][body] GET https://cloudfunctions.googleapis.com/v2/projects/thevisamanager-bea80/locations/us-central1/operations/operation-1764238807167-64490db6673d5-84e3253d-d4ac4900 {"name":"projects/thevisamanager-bea80/locations/us-central1/operations/operation-1764238807167-64490db6673d5-84e3253d-d4ac4900","metadata":{"@type":"type.googleapis.com/google.cloud.functions.v2.OperationMetadata","createTime":"2025-11-27T10:20:07.983595261Z","target":"projects/thevisamanager-bea80/locations/us-central1/functions/api","verb":"update","cancelRequested":false,"apiVersion":"v2","requestResource":{"@type":"type.googleapis.com/google.cloud.functions.v2.Function","name":"projects/thevisamanager-bea80/locations/us-central1/functions/api","buildConfig":{"runtime":"nodejs20","entryPoint":"api","source":{"storageSource":{"bucket":"gcf-v2-sources-973458787565-us-central1","object":"api/function-source.zip","generation":"1764238807917009"}},"environmentVariables":{"GOOGLE_NODE_RUN_SCRIPTS":""},"dockerRepository":"projects/thevisamanager-bea80/locations/us-central1/repositories/gcf-artifacts","sourceProvenance":{"resolvedStorageSource":{"bucket":"gcf-v2-sources-973458787565-us-central1","object":"api/function-source.zip","generation":"1762935663381180"}},"dockerRegistry":"ARTIFACT_REGISTRY","serviceAccount":"projects/thevisamanager-bea80/serviceAccounts/973458787565-compute@developer.gserviceaccount.com","automaticUpdatePolicy":{}},"serviceConfig":{"service":"projects/thevisamanager-bea80/locations/us-central1/services/api","timeoutSeconds":60,"environmentVariables":{"FIREBASE_CONFIG":"{\"projectId\":\"thevisamanager-bea80\",\"storageBucket\":\"thevisamanager-bea80.firebasestorage.app\"}","GCLOUD_PROJECT":"thevisamanager-bea80","EVENTARC_CLOUD_EVENT_SOURCE":"projects/thevisamanager-bea80/locations/us-central1/services/api","FUNCTION_TARGET":"api","LOG_EXECUTION_ID":"true"},"ingressSettings":"ALLOW_ALL","uri":"https://api-fdkefcllsq-uc.a.run.app","serviceAccountEmail":"973458787565-compute@developer.gserviceaccount.com","availableMemory":"256Mi","allTrafficOnLatestRevision":true,"revision":"api-00002-yiz","maxInstanceRequestConcurrency":80,"availableCpu":"1"},"state":"ACTIVE","labels":{"deployment-tool":"cloudfunctions","firebase-functions-hash":"6c89aadf530d8d603e0747e0b4bfb42f4e0cbd2a"},"environment":"GEN_2","url":"https://us-central1-thevisamanager-bea80.cloudfunctions.net/api","satisfiesPzi":true},"stages":[{"name":"BUILD","message":"Build in progress","state":"IN_PROGRESS","resource":"projects/973458787565/locations/us-central1/builds/812849b2-e9e2-4752-b4b3-5f221b876a80","resourceUri":"https://console.cloud.google.com/cloud-build/builds;region=us-central1/812849b2-e9e2-4752-b4b3-5f221b876a80?project=973458787565"},{"name":"SERVICE","state":"NOT_STARTED"}],"operationType":"UPDATE_FUNCTION","buildName":"projects/973458787565/locations/us-central1/builds/812849b2-e9e2-4752-b4b3-5f221b876a80"},"done":false}
[debug] [2025-11-27T10:20:49.851Z] [update-default-us-central1-api] Retrying task index 0
[debug] [2025-11-27T10:20:49.852Z] Checked if tokens are valid: true, expires at: 1764240773207
[debug] [2025-11-27T10:20:49.852Z] Checked if tokens are valid: true, expires at: 1764240773207
[debug] [2025-11-27T10:20:49.852Z] >>> [apiv2][query] GET https://cloudfunctions.googleapis.com/v2/projects/thevisamanager-bea80/locations/us-central1/operations/operation-1764238807167-64490db6673d5-84e3253d-d4ac4900 [none]
[debug] [2025-11-27T10:20:51.156Z] <<< [apiv2][status] GET https://cloudfunctions.googleapis.com/v2/projects/thevisamanager-bea80/locations/us-central1/operations/operation-1764238807167-64490db6673d5-84e3253d-d4ac4900 200
[debug] [2025-11-27T10:20:51.156Z] <<< [apiv2][body] GET https://cloudfunctions.googleapis.com/v2/projects/thevisamanager-bea80/locations/us-central1/operations/operation-1764238807167-64490db6673d5-84e3253d-d4ac4900 {"name":"projects/thevisamanager-bea80/locations/us-central1/operations/operation-1764238807167-64490db6673d5-84e3253d-d4ac4900","metadata":{"@type":"type.googleapis.com/google.cloud.functions.v2.OperationMetadata","createTime":"2025-11-27T10:20:07.983595261Z","target":"projects/thevisamanager-bea80/locations/us-central1/functions/api","verb":"update","cancelRequested":false,"apiVersion":"v2","requestResource":{"@type":"type.googleapis.com/google.cloud.functions.v2.Function","name":"projects/thevisamanager-bea80/locations/us-central1/functions/api","buildConfig":{"runtime":"nodejs20","entryPoint":"api","source":{"storageSource":{"bucket":"gcf-v2-sources-973458787565-us-central1","object":"api/function-source.zip","generation":"1764238807917009"}},"environmentVariables":{"GOOGLE_NODE_RUN_SCRIPTS":""},"dockerRepository":"projects/thevisamanager-bea80/locations/us-central1/repositories/gcf-artifacts","sourceProvenance":{"resolvedStorageSource":{"bucket":"gcf-v2-sources-973458787565-us-central1","object":"api/function-source.zip","generation":"1762935663381180"}},"dockerRegistry":"ARTIFACT_REGISTRY","serviceAccount":"projects/thevisamanager-bea80/serviceAccounts/973458787565-compute@developer.gserviceaccount.com","automaticUpdatePolicy":{}},"serviceConfig":{"service":"projects/thevisamanager-bea80/locations/us-central1/services/api","timeoutSeconds":60,"environmentVariables":{"FIREBASE_CONFIG":"{\"projectId\":\"thevisamanager-bea80\",\"storageBucket\":\"thevisamanager-bea80.firebasestorage.app\"}","GCLOUD_PROJECT":"thevisamanager-bea80","EVENTARC_CLOUD_EVENT_SOURCE":"projects/thevisamanager-bea80/locations/us-central1/services/api","FUNCTION_TARGET":"api","LOG_EXECUTION_ID":"true"},"ingressSettings":"ALLOW_ALL","uri":"https://api-fdkefcllsq-uc.a.run.app","serviceAccountEmail":"973458787565-compute@developer.gserviceaccount.com","availableMemory":"256Mi","allTrafficOnLatestRevision":true,"revision":"api-00002-yiz","maxInstanceRequestConcurrency":80,"availableCpu":"1"},"state":"ACTIVE","labels":{"deployment-tool":"cloudfunctions","firebase-functions-hash":"6c89aadf530d8d603e0747e0b4bfb42f4e0cbd2a"},"environment":"GEN_2","url":"https://us-central1-thevisamanager-bea80.cloudfunctions.net/api","satisfiesPzi":true},"stages":[{"name":"BUILD","message":"Build in progress","state":"IN_PROGRESS","resource":"projects/973458787565/locations/us-central1/builds/812849b2-e9e2-4752-b4b3-5f221b876a80","resourceUri":"https://console.cloud.google.com/cloud-build/builds;region=us-central1/812849b2-e9e2-4752-b4b3-5f221b876a80?project=973458787565"},{"name":"SERVICE","state":"NOT_STARTED"}],"operationType":"UPDATE_FUNCTION","buildName":"projects/973458787565/locations/us-central1/builds/812849b2-e9e2-4752-b4b3-5f221b876a80"},"done":false}
[debug] [2025-11-27T10:21:01.162Z] [update-default-us-central1-api] Retrying task index 0
[debug] [2025-11-27T10:21:01.162Z] Checked if tokens are valid: true, expires at: 1764240773207
[debug] [2025-11-27T10:21:01.162Z] Checked if tokens are valid: true, expires at: 1764240773207
[debug] [2025-11-27T10:21:01.162Z] >>> [apiv2][query] GET https://cloudfunctions.googleapis.com/v2/projects/thevisamanager-bea80/locations/us-central1/operations/operation-1764238807167-64490db6673d5-84e3253d-d4ac4900 [none]
[debug] [2025-11-27T10:21:02.492Z] <<< [apiv2][status] GET https://cloudfunctions.googleapis.com/v2/projects/thevisamanager-bea80/locations/us-central1/operations/operation-1764238807167-64490db6673d5-84e3253d-d4ac4900 200
[debug] [2025-11-27T10:21:02.492Z] <<< [apiv2][body] GET https://cloudfunctions.googleapis.com/v2/projects/thevisamanager-bea80/locations/us-central1/operations/operation-1764238807167-64490db6673d5-84e3253d-d4ac4900 {"name":"projects/thevisamanager-bea80/locations/us-central1/operations/operation-1764238807167-64490db6673d5-84e3253d-d4ac4900","metadata":{"@type":"type.googleapis.com/google.cloud.functions.v2.OperationMetadata","createTime":"2025-11-27T10:20:07.983595261Z","endTime":"2025-11-27T10:21:00.703400067Z","target":"projects/thevisamanager-bea80/locations/us-central1/functions/api","verb":"update","cancelRequested":false,"apiVersion":"v2","requestResource":{"@type":"type.googleapis.com/google.cloud.functions.v2.Function","name":"projects/thevisamanager-bea80/locations/us-central1/functions/api","buildConfig":{"runtime":"nodejs20","entryPoint":"api","source":{"storageSource":{"bucket":"gcf-v2-sources-973458787565-us-central1","object":"api/function-source.zip","generation":"1764238807917009"}},"environmentVariables":{"GOOGLE_NODE_RUN_SCRIPTS":""},"dockerRepository":"projects/thevisamanager-bea80/locations/us-central1/repositories/gcf-artifacts","sourceProvenance":{"resolvedStorageSource":{"bucket":"gcf-v2-sources-973458787565-us-central1","object":"api/function-source.zip","generation":"1762935663381180"}},"dockerRegistry":"ARTIFACT_REGISTRY","serviceAccount":"projects/thevisamanager-bea80/serviceAccounts/973458787565-compute@developer.gserviceaccount.com","automaticUpdatePolicy":{}},"serviceConfig":{"service":"projects/thevisamanager-bea80/locations/us-central1/services/api","timeoutSeconds":60,"environmentVariables":{"FIREBASE_CONFIG":"{\"projectId\":\"thevisamanager-bea80\",\"storageBucket\":\"thevisamanager-bea80.firebasestorage.app\"}","GCLOUD_PROJECT":"thevisamanager-bea80","EVENTARC_CLOUD_EVENT_SOURCE":"projects/thevisamanager-bea80/locations/us-central1/services/api","FUNCTION_TARGET":"api","LOG_EXECUTION_ID":"true"},"ingressSettings":"ALLOW_ALL","uri":"https://api-fdkefcllsq-uc.a.run.app","serviceAccountEmail":"973458787565-compute@developer.gserviceaccount.com","availableMemory":"256Mi","allTrafficOnLatestRevision":true,"revision":"api-00002-yiz","maxInstanceRequestConcurrency":80,"availableCpu":"1"},"state":"ACTIVE","labels":{"deployment-tool":"cloudfunctions","firebase-functions-hash":"6c89aadf530d8d603e0747e0b4bfb42f4e0cbd2a"},"environment":"GEN_2","url":"https://us-central1-thevisamanager-bea80.cloudfunctions.net/api","satisfiesPzi":true},"stages":[{"name":"SERVICE","state":"NOT_STARTED"}],"operationType":"UPDATE_FUNCTION"},"done":true,"error":{"code":3,"message":"Build failed with status: FAILURE and message: npm error code ERESOLVE\nnpm error ERESOLVE unable to resolve dependency tree\nnpm error\nnpm error While resolving: workspace@undefined\nnpm error Found: firebase-admin@13.6.0\nnpm error node_modules/firebase-admin\nnpm error   firebase-admin@\"^13.0.0\" from the root project\nnpm error\nnpm error Could not resolve dependency:\nnpm error peer firebase-admin@\"^11.10.0 || ^12.0.0\" from firebase-functions@5.1.1\nnpm error node_modules/firebase-functions\nnpm error   firebase-functions@\"^5.0.0\" from the root project\nnpm error\nnpm error Fix the upstream dependency conflict, or retry\nnpm error this command with --force or --legacy-peer-deps\nnpm error to accept an incorrect (and potentially broken) dependency resolution.\nnpm error\nnpm error\nnpm error For a full report see:\nnpm error /www-data-home/.npm/_logs/2025-11-27T10_20_30_193Z-eresolve-report.txt\nnpm error A complete log of this run can be found in: /www-data-home/.npm/_logs/2025-11-27T10_20_30_193Z-debug-0.log. For more details see the logs at https://console.cloud.google.com/cloud-build/builds;region=us-central1/812849b2-e9e2-4752-b4b3-5f221b876a80?project=973458787565."}}
[debug] [2025-11-27T10:21:02.493Z] Got source token undefined for region us-central1
[error] Build failed with status: FAILURE and message: npm error code ERESOLVE
npm error ERESOLVE unable to resolve dependency tree
npm error
npm error While resolving: workspace@undefined
npm error Found: firebase-admin@13.6.0
npm error node_modules/firebase-admin
npm error   firebase-admin@"^13.0.0" from the root project
npm error
npm error Could not resolve dependency:
npm error peer firebase-admin@"^11.10.0 || ^12.0.0" from firebase-functions@5.1.1
npm error node_modules/firebase-functions
npm error   firebase-functions@"^5.0.0" from the root project
npm error
npm error Fix the upstream dependency conflict, or retry
npm error this command with --force or --legacy-peer-deps
npm error to accept an incorrect (and potentially broken) dependency resolution.
npm error
npm error
npm error For a full report see:
npm error /www-data-home/.npm/_logs/2025-11-27T10_20_30_193Z-eresolve-report.txt
npm error A complete log of this run can be found in: /www-data-home/.npm/_logs/2025-11-27T10_20_30_193Z-debug-0.log. For more details see the logs at https://console.cloud.google.com/cloud-build/builds;region=us-central1/812849b2-e9e2-4752-b4b3-5f221b876a80?project=973458787565.
[debug] [2025-11-27T10:21:02.504Z] Total Function Deployment time: 57512
[debug] [2025-11-27T10:21:02.504Z] 1 Functions Deployed
[debug] [2025-11-27T10:21:02.504Z] 1 Functions Errored
[debug] [2025-11-27T10:21:02.504Z] 0 Function Deployments Aborted
[debug] [2025-11-27T10:21:02.504Z] Average Function Deployment time: 57511
[info] 
[info] Functions deploy had errors with the following functions:
	api(us-central1)
[debug] [2025-11-27T10:21:02.622Z] Not printing URL for HTTPS function. Typically this means it didn't match a filter or we failed deployment
[debug] [2025-11-27T10:21:02.623Z] Checked if tokens are valid: true, expires at: 1764240773207
[debug] [2025-11-27T10:21:02.624Z] Checked if tokens are valid: true, expires at: 1764240773207
[debug] [2025-11-27T10:21:02.624Z] >>> [apiv2][query] GET https://artifactregistry.googleapis.com/v1/projects/thevisamanager-bea80/locations/us-central1/repositories/gcf-artifacts [none]
[debug] [2025-11-27T10:21:03.940Z] <<< [apiv2][status] GET https://artifactregistry.googleapis.com/v1/projects/thevisamanager-bea80/locations/us-central1/repositories/gcf-artifacts 200
[debug] [2025-11-27T10:21:03.941Z] <<< [apiv2][body] GET https://artifactregistry.googleapis.com/v1/projects/thevisamanager-bea80/locations/us-central1/repositories/gcf-artifacts {"name":"projects/thevisamanager-bea80/locations/us-central1/repositories/gcf-artifacts","format":"DOCKER","description":"This repository is created and used by Cloud Functions for storing function docker images.","labels":{"goog-managed-by":"cloudfunctions"},"createTime":"2025-11-01T06:39:14.738774Z","updateTime":"2025-11-13T08:31:25.698927Z","mode":"STANDARD_REPOSITORY","cleanupPolicies":{"firebase-functions-cleanup":{"id":"firebase-functions-cleanup","action":"DELETE","condition":{"tagState":"ANY","olderThan":"86400s"}}},"vulnerabilityScanningConfig":{"lastEnableTime":"2025-11-01T06:39:06.187635330Z","enablementState":"SCANNING_DISABLED","enablementStateReason":"API containerscanning.googleapis.com is not enabled."},"satisfiesPzi":true,"registryUri":"us-central1-docker.pkg.dev/thevisamanager-bea80/gcf-artifacts"}
[debug] [2025-11-27T10:21:03.941Z] Functions deploy failed.
[debug] [2025-11-27T10:21:03.941Z] {
  "endpoint": {
    "id": "api",
    "project": "thevisamanager-bea80",
    "region": "us-central1",
    "entryPoint": "api",
    "platform": "gcfv2",
    "runtime": "nodejs20",
    "httpsTrigger": {},
    "labels": {
      "deployment-tool": "cli-firebase"
    },
    "serviceAccount": null,
    "ingressSettings": null,
    "availableMemoryMb": null,
    "timeoutSeconds": null,
    "maxInstances": null,
    "minInstances": null,
    "concurrency": 80,
    "vpc": null,
    "environmentVariables": {
      "FIREBASE_CONFIG": "{\"projectId\":\"thevisamanager-bea80\",\"storageBucket\":\"thevisamanager-bea80.firebasestorage.app\"}",
      "GCLOUD_PROJECT": "thevisamanager-bea80",
      "EVENTARC_CLOUD_EVENT_SOURCE": "projects/thevisamanager-bea80/locations/us-central1/services/api",
      "FUNCTION_TARGET": "api",
      "LOG_EXECUTION_ID": "true"
    },
    "codebase": "default",
    "runServiceId": "api",
    "cpu": 1,
    "securityLevel": "SECURE_ALWAYS",
    "targetedByOnly": false,
    "hash": "6c89aadf530d8d603e0747e0b4bfb42f4e0cbd2a"
  },
  "op": "update",
  "original": {
    "name": "FirebaseError",
    "children": [],
    "exit": 1,
    "message": "Build failed with status: FAILURE and message: npm error code ERESOLVE\nnpm error ERESOLVE unable to resolve dependency tree\nnpm error\nnpm error While resolving: workspace@undefined\nnpm error Found: firebase-admin@13.6.0\nnpm error node_modules/firebase-admin\nnpm error   firebase-admin@\"^13.0.0\" from the root project\nnpm error\nnpm error Could not resolve dependency:\nnpm error peer firebase-admin@\"^11.10.0 || ^12.0.0\" from firebase-functions@5.1.1\nnpm error node_modules/firebase-functions\nnpm error   firebase-functions@\"^5.0.0\" from the root project\nnpm error\nnpm error Fix the upstream dependency conflict, or retry\nnpm error this command with --force or --legacy-peer-deps\nnpm error to accept an incorrect (and potentially broken) dependency resolution.\nnpm error\nnpm error\nnpm error For a full report see:\nnpm error /www-data-home/.npm/_logs/2025-11-27T10_20_30_193Z-eresolve-report.txt\nnpm error A complete log of this run can be found in: /www-data-home/.npm/_logs/2025-11-27T10_20_30_193Z-debug-0.log. For more details see the logs at https://console.cloud.google.com/cloud-build/builds;region=us-central1/812849b2-e9e2-4752-b4b3-5f221b876a80?project=973458787565.",
    "original": {
      "code": 3,
      "message": "Build failed with status: FAILURE and message: npm error code ERESOLVE\nnpm error ERESOLVE unable to resolve dependency tree\nnpm error\nnpm error While resolving: workspace@undefined\nnpm error Found: firebase-admin@13.6.0\nnpm error node_modules/firebase-admin\nnpm error   firebase-admin@\"^13.0.0\" from the root project\nnpm error\nnpm error Could not resolve dependency:\nnpm error peer firebase-admin@\"^11.10.0 || ^12.0.0\" from firebase-functions@5.1.1\nnpm error node_modules/firebase-functions\nnpm error   firebase-functions@\"^5.0.0\" from the root project\nnpm error\nnpm error Fix the upstream dependency conflict, or retry\nnpm error this command with --force or --legacy-peer-deps\nnpm error to accept an incorrect (and potentially broken) dependency resolution.\nnpm error\nnpm error\nnpm error For a full report see:\nnpm error /www-data-home/.npm/_logs/2025-11-27T10_20_30_193Z-eresolve-report.txt\nnpm error A complete log of this run can be found in: /www-data-home/.npm/_logs/2025-11-27T10_20_30_193Z-debug-0.log. For more details see the logs at https://console.cloud.google.com/cloud-build/builds;region=us-central1/812849b2-e9e2-4752-b4b3-5f221b876a80?project=973458787565."
    },
    "status": 3,
    "code": 3
  }
}
[debug] [2025-11-27T10:21:04.017Z] Error: Failed to update function api in region us-central1
    at C:\Users\marke\AppData\Roaming\npm\node_modules\firebase-tools\lib\deploy\functions\release\fabricator.js:411:19
    at process.processTicksAndRejections (node:internal/process/task_queues:105:5)
    at async Fabricator.updateV2Function (C:\Users\marke\AppData\Roaming\npm\node_modules\firebase-tools\lib\deploy\functions\release\fabricator.js:400:32)
    at async Fabricator.updateEndpoint (C:\Users\marke\AppData\Roaming\npm\node_modules\firebase-tools\lib\deploy\functions\release\fabricator.js:160:13)
    at async handle (C:\Users\marke\AppData\Roaming\npm\node_modules\firebase-tools\lib\deploy\functions\release\fabricator.js:89:17)
[error] 
[error] Error: There was an error deploying functions
[debug] [2025-11-27T10:26:36.834Z] ----------------------------------------------------------------------
[debug] [2025-11-27T10:26:36.842Z] Command:       C:\Program Files\nodejs\node.exe C:\Users\marke\AppData\Roaming\npm\node_modules\firebase-tools\lib\bin\firebase.js deploy --only functions
[debug] [2025-11-27T10:26:36.842Z] CLI Version:   14.26.0
[debug] [2025-11-27T10:26:36.842Z] Platform:      win32
[debug] [2025-11-27T10:26:36.842Z] Node Version:  v24.11.0
[debug] [2025-11-27T10:26:36.842Z] Time:          Thu Nov 27 2025 15:56:36 GMT+0530 (India Standard Time)
[debug] [2025-11-27T10:26:36.843Z] ----------------------------------------------------------------------
[debug] 
[debug] [2025-11-27T10:26:36.976Z] > command requires scopes: ["email","openid","https://www.googleapis.com/auth/cloudplatformprojects.readonly","https://www.googleapis.com/auth/firebase","https://www.googleapis.com/auth/cloud-platform"]
[debug] [2025-11-27T10:26:36.976Z] > authorizing via signed-in user (thevisamanager@gmail.com)
[debug] [2025-11-27T10:26:36.976Z] [iam] checking project thevisamanager-bea80 for permissions ["cloudfunctions.functions.create","cloudfunctions.functions.delete","cloudfunctions.functions.get","cloudfunctions.functions.list","cloudfunctions.functions.update","cloudfunctions.operations.get","firebase.projects.get"]
[debug] [2025-11-27T10:26:36.977Z] Checked if tokens are valid: true, expires at: 1764240773207
[debug] [2025-11-27T10:26:36.977Z] Checked if tokens are valid: true, expires at: 1764240773207
[debug] [2025-11-27T10:26:36.978Z] >>> [apiv2][query] POST https://cloudresourcemanager.googleapis.com/v1/projects/thevisamanager-bea80:testIamPermissions [none]
[debug] [2025-11-27T10:26:36.978Z] >>> [apiv2][(partial)header] POST https://cloudresourcemanager.googleapis.com/v1/projects/thevisamanager-bea80:testIamPermissions x-goog-quota-user=projects/thevisamanager-bea80
[debug] [2025-11-27T10:26:36.978Z] >>> [apiv2][body] POST https://cloudresourcemanager.googleapis.com/v1/projects/thevisamanager-bea80:testIamPermissions {"permissions":["cloudfunctions.functions.create","cloudfunctions.functions.delete","cloudfunctions.functions.get","cloudfunctions.functions.list","cloudfunctions.functions.update","cloudfunctions.operations.get","firebase.projects.get"]}
